Warning: Unable to set daemon's environment variables to match the client because: 
  There is no native integration with this operating environment.
  If the daemon was started with a significantly different environment from the client, and your build 
  relies on environment variables, you may experience unexpected behavior.

> Task :app:dependencies

------------------------------------------------------------
Project ':app'
------------------------------------------------------------

debugRuntimeClasspath - Resolved configuration for runtime for variant: debug
\--- com.google.mlkit:object-detection:17.0.2
     +--- androidx.lifecycle:lifecycle-extensions:2.1.0
     |    +--- androidx.lifecycle:lifecycle-runtime:2.1.0 -> 2.5.1
     |    |    +--- androidx.annotation:annotation:1.1.0 -> 1.3.0
     |    |    +--- androidx.arch.core:core-common:2.1.0
     |    |    |    \--- androidx.annotation:annotation:1.1.0 -> 1.3.0
     |    |    +--- androidx.arch.core:core-runtime:2.1.0
     |    |    |    +--- androidx.annotation:annotation:1.1.0 -> 1.3.0
     |    |    |    \--- androidx.arch.core:core-common:2.1.0 (*)
     |    |    \--- androidx.lifecycle:lifecycle-common:2.5.1
     |    |         \--- androidx.annotation:annotation:1.1.0 -> 1.3.0
     |    +--- androidx.arch.core:core-common:2.1.0 (*)
     |    +--- androidx.arch.core:core-runtime:2.1.0 (*)
     |    +--- androidx.fragment:fragment:1.0.0 -> 1.3.6
     |    |    +--- androidx.annotation:annotation:1.1.0 -> 1.3.0
     |    |    +--- androidx.core:core:1.2.0 -> 1.9.0
     |    |    |    +--- androidx.annotation:annotation:1.2.0 -> 1.3.0
     |    |    |    +--- androidx.annotation:annotation-experimental:1.3.0
     |    |    |    |    \--- org.jetbrains.kotlin:kotlin-stdlib:1.7.10
     |    |    |    |         +--- org.jetbrains.kotlin:kotlin-stdlib-common:1.7.10
     |    |    |    |         \--- org.jetbrains:annotations:13.0
     |    |    |    +--- androidx.collection:collection:1.0.0 -> 1.1.0
     |    |    |    |    \--- androidx.annotation:annotation:1.1.0 -> 1.3.0
     |    |    |    +--- androidx.concurrent:concurrent-futures:1.0.0
     |    |    |    |    +--- com.google.guava:listenablefuture:1.0
     |    |    |    |    \--- androidx.annotation:annotation:1.1.0 -> 1.3.0
     |    |    |    +--- androidx.lifecycle:lifecycle-runtime:2.3.1 -> 2.5.1 (*)
     |    |    |    +--- androidx.versionedparcelable:versionedparcelable:1.1.1
     |    |    |    |    +--- androidx.annotation:annotation:1.1.0 -> 1.3.0
     |    |    |    |    \--- androidx.collection:collection:1.0.0 -> 1.1.0 (*)
     |    |    |    \--- androidx.core:core-ktx:1.9.0 (c)
     |    |    +--- androidx.collection:collection:1.1.0 (*)
     |    |    +--- androidx.viewpager:viewpager:1.0.0
     |    |    |    +--- androidx.annotation:annotation:1.0.0 -> 1.3.0
     |    |    |    +--- androidx.core:core:1.0.0 -> 1.9.0 (*)
     |    |    |    \--- androidx.customview:customview:1.0.0
     |    |    |         +--- androidx.annotation:annotation:1.0.0 -> 1.3.0
     |    |    |         \--- androidx.core:core:1.0.0 -> 1.9.0 (*)
     |    |    +--- androidx.loader:loader:1.0.0
     |    |    |    +--- androidx.annotation:annotation:1.0.0 -> 1.3.0
     |    |    |    +--- androidx.core:core:1.0.0 -> 1.9.0 (*)
     |    |    |    +--- androidx.lifecycle:lifecycle-livedata:2.0.0 -> 2.1.0
     |    |    |    |    +--- androidx.arch.core:core-runtime:2.1.0 (*)
     |    |    |    |    +--- androidx.lifecycle:lifecycle-livedata-core:2.1.0 -> 2.5.1
     |    |    |    |    |    +--- androidx.arch.core:core-common:2.1.0 (*)
     |    |    |    |    |    +--- androidx.arch.core:core-runtime:2.1.0 (*)
     |    |    |    |    |    \--- androidx.lifecycle:lifecycle-common:2.5.1 (*)
     |    |    |    |    \--- androidx.arch.core:core-common:2.1.0 (*)
     |    |    |    \--- androidx.lifecycle:lifecycle-viewmodel:2.0.0 -> 2.5.1
     |    |    |         +--- androidx.annotation:annotation:1.1.0 -> 1.3.0
     |    |    |         +--- org.jetbrains.kotlin:kotlin-stdlib:1.6.21 -> 1.7.10 (*)
     |    |    |         \--- androidx.lifecycle:lifecycle-viewmodel-savedstate:2.5.1 (c)
     |    |    +--- androidx.activity:activity:1.2.4 -> 1.6.0
     |    |    |    +--- androidx.annotation:annotation:1.1.0 -> 1.3.0
     |    |    |    +--- androidx.collection:collection:1.0.0 -> 1.1.0 (*)
     |    |    |    +--- androidx.core:core:1.8.0 -> 1.9.0 (*)
     |    |    |    +--- androidx.lifecycle:lifecycle-runtime:2.5.1 (*)
     |    |    |    +--- androidx.lifecycle:lifecycle-viewmodel:2.5.1 (*)
     |    |    |    +--- androidx.lifecycle:lifecycle-viewmodel-savedstate:2.5.1
     |    |    |    |    +--- androidx.annotation:annotation:1.0.0 -> 1.3.0
     |    |    |    |    +--- androidx.core:core-ktx:1.2.0 -> 1.9.0
     |    |    |    |    |    +--- androidx.annotation:annotation:1.1.0 -> 1.3.0
     |    |    |    |    |    +--- androidx.core:core:1.9.0 (*)
     |    |    |    |    |    +--- org.jetbrains.kotlin:kotlin-stdlib:1.7.10 (*)
     |    |    |    |    |    \--- androidx.core:core:1.9.0 (c)
     |    |    |    |    +--- androidx.lifecycle:lifecycle-livedata-core:2.5.1 (*)
     |    |    |    |    +--- androidx.lifecycle:lifecycle-viewmodel:2.5.1 (*)
     |    |    |    |    +--- androidx.savedstate:savedstate:1.2.0
     |    |    |    |    |    +--- androidx.annotation:annotation:1.1.0 -> 1.3.0
     |    |    |    |    |    +--- androidx.arch.core:core-common:2.1.0 (*)
     |    |    |    |    |    +--- androidx.lifecycle:lifecycle-common:2.4.0 -> 2.5.1 (*)
     |    |    |    |    |    \--- org.jetbrains.kotlin:kotlin-stdlib:1.6.20 -> 1.7.10 (*)
     |    |    |    |    +--- org.jetbrains.kotlin:kotlin-stdlib:1.6.21 -> 1.7.10 (*)
     |    |    |    |    \--- org.jetbrains.kotlinx:kotlinx-coroutines-android:1.6.1
     |    |    |    |         +--- org.jetbrains.kotlinx:kotlinx-coroutines-core:1.6.1
     |    |    |    |         |    \--- org.jetbrains.kotlinx:kotlinx-coroutines-core-jvm:1.6.1
     |    |    |    |         |         +--- org.jetbrains.kotlinx:kotlinx-coroutines-bom:1.6.1
     |    |    |    |         |         |    +--- org.jetbrains.kotlinx:kotlinx-coroutines-android:1.6.1 (c)
     |    |    |    |         |         |    +--- org.jetbrains.kotlinx:kotlinx-coroutines-core-jvm:1.6.1 (c)
     |    |    |    |         |         |    \--- org.jetbrains.kotlinx:kotlinx-coroutines-core:1.6.1 (c)
     |    |    |    |         |         +--- org.jetbrains.kotlin:kotlin-stdlib-jdk8:1.6.0
     |    |    |    |         |         |    +--- org.jetbrains.kotlin:kotlin-stdlib:1.6.0 -> 1.7.10 (*)
     |    |    |    |         |         |    \--- org.jetbrains.kotlin:kotlin-stdlib-jdk7:1.6.0
     |    |    |    |         |         |         \--- org.jetbrains.kotlin:kotlin-stdlib:1.6.0 -> 1.7.10 (*)
     |    |    |    |         |         \--- org.jetbrains.kotlin:kotlin-stdlib-common:1.6.0 -> 1.7.10
     |    |    |    |         +--- org.jetbrains.kotlinx:kotlinx-coroutines-bom:1.6.1 (*)
     |    |    |    |         \--- org.jetbrains.kotlin:kotlin-stdlib-jdk8:1.6.0 (*)
     |    |    |    +--- androidx.savedstate:savedstate:1.2.0 (*)
     |    |    |    +--- androidx.tracing:tracing:1.0.0
     |    |    |    |    \--- androidx.annotation:annotation:1.1.0 -> 1.3.0
     |    |    |    \--- org.jetbrains.kotlin:kotlin-stdlib:1.7.10 (*)
     |    |    +--- androidx.lifecycle:lifecycle-livedata-core:2.3.1 -> 2.5.1 (*)
     |    |    +--- androidx.lifecycle:lifecycle-viewmodel:2.3.1 -> 2.5.1 (*)
     |    |    +--- androidx.lifecycle:lifecycle-viewmodel-savedstate:2.3.1 -> 2.5.1 (*)
     |    |    +--- androidx.savedstate:savedstate:1.1.0 -> 1.2.0 (*)
     |    |    \--- androidx.annotation:annotation-experimental:1.0.0 -> 1.3.0 (*)
     |    +--- androidx.lifecycle:lifecycle-common:2.1.0 -> 2.5.1 (*)
     |    +--- androidx.lifecycle:lifecycle-livedata:2.1.0 (*)
     |    +--- androidx.lifecycle:lifecycle-process:2.1.0 -> 2.4.1
     |    |    +--- androidx.lifecycle:lifecycle-runtime:2.4.1 -> 2.5.1 (*)
     |    |    +--- androidx.startup:startup-runtime:1.1.1
     |    |    |    +--- androidx.annotation:annotation:1.1.0 -> 1.3.0
     |    |    |    \--- androidx.tracing:tracing:1.0.0 (*)
     |    |    \--- androidx.annotation:annotation:1.2.0 -> 1.3.0
     |    +--- androidx.lifecycle:lifecycle-service:2.1.0
     |    |    \--- androidx.lifecycle:lifecycle-runtime:2.1.0 -> 2.5.1 (*)
     |    \--- androidx.lifecycle:lifecycle-viewmodel:2.1.0 -> 2.5.1 (*)
     +--- com.google.android.datatransport:transport-api:2.2.1
     |    \--- androidx.annotation:annotation:1.1.0 -> 1.3.0
     +--- com.google.android.datatransport:transport-backend-cct:2.3.3
     |    +--- androidx.annotation:annotation:1.1.0 -> 1.3.0
     |    +--- com.google.android.datatransport:transport-api:2.2.1 (*)
     |    +--- com.google.android.datatransport:transport-runtime:2.2.5 -> 2.2.6
     |    |    +--- androidx.annotation:annotation:1.1.0 -> 1.3.0
     |    |    +--- com.google.android.datatransport:transport-api:2.2.1 (*)
     |    |    \--- javax.inject:javax.inject:1
     |    +--- com.google.firebase:firebase-encoders:16.1.0
     |    |    \--- androidx.annotation:annotation:1.1.0 -> 1.3.0
     |    \--- com.google.firebase:firebase-encoders-json:17.1.0
     |         +--- androidx.annotation:annotation:1.1.0 -> 1.3.0
     |         \--- com.google.firebase:firebase-encoders:16.1.0 (*)
     +--- com.google.android.datatransport:transport-runtime:2.2.6 (*)
     +--- com.google.android.gms:play-services-base:18.5.0
     |    +--- androidx.collection:collection:1.0.0 -> 1.1.0 (*)
     |    +--- androidx.core:core:1.2.0 -> 1.9.0 (*)
     |    +--- androidx.fragment:fragment:1.0.0 -> 1.3.6 (*)
     |    +--- com.google.android.gms:play-services-basement:18.4.0
     |    |    +--- androidx.collection:collection:1.0.0 -> 1.1.0 (*)
     |    |    +--- androidx.core:core:1.2.0 -> 1.9.0 (*)
     |    |    \--- androidx.fragment:fragment:1.1.0 -> 1.3.6 (*)
     |    \--- com.google.android.gms:play-services-tasks:18.2.0
     |         \--- com.google.android.gms:play-services-basement:18.4.0 (*)
     +--- com.google.android.gms:play-services-basement:18.4.0 (*)
     +--- com.google.android.gms:play-services-tasks:18.2.0 (*)
     +--- com.google.firebase:firebase-components:16.1.0
     |    +--- androidx.annotation:annotation:1.1.0 -> 1.3.0
     |    \--- com.google.firebase:firebase-annotations:16.0.0
     +--- com.google.firebase:firebase-encoders:16.1.0 (*)
     +--- com.google.firebase:firebase-encoders-json:17.1.0 (*)
     +--- com.google.mlkit:common:18.11.0
     |    +--- androidx.appcompat:appcompat:1.6.1
     |    |    +--- androidx.activity:activity:1.6.0 (*)
     |    |    +--- androidx.annotation:annotation:1.3.0
     |    |    +--- androidx.appcompat:appcompat-resources:1.6.1
     |    |    |    +--- androidx.annotation:annotation:1.2.0 -> 1.3.0
     |    |    |    +--- androidx.collection:collection:1.0.0 -> 1.1.0 (*)
     |    |    |    +--- androidx.core:core:1.6.0 -> 1.9.0 (*)
     |    |    |    +--- androidx.vectordrawable:vectordrawable:1.1.0
     |    |    |    |    +--- androidx.annotation:annotation:1.1.0 -> 1.3.0
     |    |    |    |    +--- androidx.core:core:1.1.0 -> 1.9.0 (*)
     |    |    |    |    \--- androidx.collection:collection:1.1.0 (*)
     |    |    |    +--- androidx.vectordrawable:vectordrawable-animated:1.1.0
     |    |    |    |    +--- androidx.vectordrawable:vectordrawable:1.1.0 (*)
     |    |    |    |    +--- androidx.interpolator:interpolator:1.0.0
     |    |    |    |    |    \--- androidx.annotation:annotation:1.0.0 -> 1.3.0
     |    |    |    |    \--- androidx.collection:collection:1.1.0 (*)
     |    |    |    \--- androidx.appcompat:appcompat:1.6.1 (c)
     |    |    +--- androidx.collection:collection:1.0.0 -> 1.1.0 (*)
     |    |    +--- androidx.core:core:1.9.0 (*)
     |    |    +--- androidx.core:core-ktx:1.8.0 -> 1.9.0 (*)
     |    |    +--- androidx.cursoradapter:cursoradapter:1.0.0
     |    |    |    \--- androidx.annotation:annotation:1.0.0 -> 1.3.0
     |    |    +--- androidx.drawerlayout:drawerlayout:1.0.0
     |    |    |    +--- androidx.annotation:annotation:1.0.0 -> 1.3.0
     |    |    |    +--- androidx.core:core:1.0.0 -> 1.9.0 (*)
     |    |    |    \--- androidx.customview:customview:1.0.0 (*)
     |    |    +--- androidx.emoji2:emoji2:1.2.0
     |    |    |    +--- androidx.annotation:annotation:1.2.0 -> 1.3.0
     |    |    |    +--- androidx.collection:collection:1.1.0 (*)
     |    |    |    +--- androidx.core:core:1.3.0 -> 1.9.0 (*)
     |    |    |    +--- androidx.lifecycle:lifecycle-process:2.4.1 (*)
     |    |    |    \--- androidx.startup:startup-runtime:1.0.0 -> 1.1.1 (*)
     |    |    +--- androidx.emoji2:emoji2-views-helper:1.2.0
     |    |    |    +--- androidx.collection:collection:1.1.0 (*)
     |    |    |    +--- androidx.core:core:1.3.0 -> 1.9.0 (*)
     |    |    |    \--- androidx.emoji2:emoji2:1.2.0 (*)
     |    |    +--- androidx.fragment:fragment:1.3.6 (*)
     |    |    +--- androidx.lifecycle:lifecycle-runtime:2.5.1 (*)
     |    |    +--- androidx.lifecycle:lifecycle-viewmodel:2.5.1 (*)
     |    |    +--- androidx.resourceinspection:resourceinspection-annotation:1.0.1
     |    |    |    \--- androidx.annotation:annotation:1.1.0 -> 1.3.0
     |    |    +--- androidx.savedstate:savedstate:1.2.0 (*)
     |    |    +--- org.jetbrains.kotlin:kotlin-stdlib:1.7.10 (*)
     |    |    \--- androidx.appcompat:appcompat-resources:1.6.1 (c)
     |    +--- androidx.core:core:1.0.0 -> 1.9.0 (*)
     |    +--- com.google.android.datatransport:transport-api:2.2.1 (*)
     |    +--- com.google.android.datatransport:transport-backend-cct:2.3.3 (*)
     |    +--- com.google.android.datatransport:transport-runtime:2.2.6 (*)
     |    +--- com.google.android.gms:play-services-base:18.5.0 (*)
     |    +--- com.google.android.gms:play-services-basement:18.4.0 (*)
     |    +--- com.google.android.gms:play-services-tasks:18.2.0 (*)
     |    +--- com.google.firebase:firebase-components:16.1.0 (*)
     |    +--- com.google.firebase:firebase-encoders:16.1.0 (*)
     |    \--- com.google.firebase:firebase-encoders-json:17.1.0 (*)
     +--- com.google.mlkit:object-detection-common:18.0.0
     |    +--- com.google.android.gms:play-services-basement:18.0.0 -> 18.4.0 (*)
     |    +--- com.google.android.gms:play-services-tasks:18.0.1 -> 18.2.0 (*)
     |    +--- com.google.android.odml:image:1.0.0-beta1
     |    +--- com.google.mlkit:common:18.0.0 -> 18.11.0 (*)
     |    +--- com.google.mlkit:vision-common:17.0.0 -> 17.3.0
     |    |    +--- androidx.exifinterface:exifinterface:1.0.0
     |    |    |    \--- androidx.annotation:annotation:1.0.0 -> 1.3.0
     |    |    +--- com.google.android.datatransport:transport-api:2.2.1 (*)
     |    |    +--- com.google.android.datatransport:transport-backend-cct:2.3.3 (*)
     |    |    +--- com.google.android.datatransport:transport-runtime:2.2.6 (*)
     |    |    +--- com.google.android.gms:play-services-base:18.1.0 -> 18.5.0 (*)
     |    |    +--- com.google.android.gms:play-services-basement:18.1.0 -> 18.4.0 (*)
     |    |    +--- com.google.android.gms:play-services-tasks:18.0.2 -> 18.2.0 (*)
     |    |    +--- com.google.android.odml:image:1.0.0-beta1
     |    |    +--- com.google.firebase:firebase-components:16.1.0 (*)
     |    |    +--- com.google.firebase:firebase-encoders:16.1.0 (*)
     |    |    +--- com.google.firebase:firebase-encoders-json:17.1.0 (*)
     |    |    \--- com.google.mlkit:common:18.6.0 -> 18.11.0 (*)
     |    +--- com.google.mlkit:vision-interfaces:16.0.0
     |    |    +--- com.google.android.gms:play-services-basement:18.0.0 -> 18.4.0 (*)
     |    |    \--- com.google.android.gms:play-services-tasks:18.0.1 -> 18.2.0 (*)
     |    \--- com.squareup.okhttp3:okhttp:3.0.0
     |         \--- com.squareup.okio:okio:1.6.0
     +--- com.google.mlkit:vision-common:17.3.0 (*)
     +--- com.google.mlkit:vision-internal-vkp:18.2.3
     |    +--- com.google.android.datatransport:transport-api:2.2.1 (*)
     |    +--- com.google.android.datatransport:transport-backend-cct:2.3.3 (*)
     |    +--- com.google.android.datatransport:transport-runtime:2.2.6 (*)
     |    +--- com.google.android.gms:play-services-base:18.5.0 (*)
     |    +--- com.google.android.gms:play-services-basement:18.4.0 (*)
     |    +--- com.google.android.gms:play-services-tasks:18.2.0 (*)
     |    +--- com.google.firebase:firebase-components:16.1.0 (*)
     |    +--- com.google.firebase:firebase-encoders:16.1.0 (*)
     |    +--- com.google.firebase:firebase-encoders-json:17.1.0 (*)
     |    +--- com.google.mlkit:common:18.11.0 (*)
     |    +--- com.google.mlkit:vision-common:17.3.0 (*)
     |    \--- com.squareup.okhttp3:okhttp:3.0.0 (*)
     \--- com.squareup.okhttp3:okhttp:3.0.0 (*)

(c) - A dependency constraint, not a dependency. The dependency affected by the constraint occurs elsewhere in the tree.
(*) - Indicates repeated occurrences of a transitive dependency subtree. Gradle expands transitive dependency subtrees only once per project; repeat occurrences only display the root of the subtree, followed by this annotation.

A web-based, searchable dependency report is available by adding the --scan option.

[Incubating] Problems report is available at: file:///data/data/com.termux/files/home/ULTRON_GITHUB/ULTRON_ANDROID/build/reports/problems/problems-report.html

Deprecated Gradle features were used in this build, making it incompatible with Gradle 10.

You can use '--warning-mode all' to show the individual deprecation warnings and determine if they come from your own scripts or plugins.

For more on this, please refer to https://docs.gradle.org/9.7.0/userguide/command_line_interface.html#sec:command_line_warnings in the Gradle documentation.

BUILD SUCCESSFUL in 11s
1 actionable task: 1 executed
Consider enabling configuration cache to speed up this build: https://docs.gradle.org/9.7.0/userguide/configuration_cache_enabling.html
